{
    "metadata": {
        "name": ""
    },
    "nbformat": 3,
    "nbformat_minor": 0,
    "worksheets": [
        {
            "cells": [
                {
                    "cell_type": "heading",
                    "level": 1,
                    "metadata": {},
                    "source": [
                        "Задача1"
                    ]
                },
                {
                    "cell_type": "code",
                    "collapsed": false,
                    "input": [
                        "fromnumpyimport*\n",
                        "importmatplotlib.pyplotasplt\n",
                        "%matplotlibinline"
                    ],
                    "language": "python",
                    "metadata": {},
                    "outputs": [],
                    "prompt_number": 96
                }
            ]
        }
    ]
}